[Map]
author=Sean O'Connor
image=world.bmp
wrap=no
scroll=horizontal
warn=yes

[Continents]
NorthAmerica=5
SouthAmerica=2
Africa=3
Europe=5
Asia=7
Australia=2

[Territories]
Alaska,70,126,NorthAmerica,NorthwestTerritory,Alberta,Kamchatka
NorthwestTerritory,148,127,NorthAmerica,Alaska,Alberta,Ontario,Greenland
Alberta,147,163,NorthAmerica,Alaska,NorthwestTerritory,Ontario,WesternUnitedStates
Greenland,324,76,NorthAmerica,NorthwestTerritory,Ontario,Quebec,Iceland
Ontario,199,167,NorthAmerica,NorthwestTerritory,Alberta,Greenland,Quebec,WesternUnitedStates,EasternUnitedStates
Quebec,253,166,NorthAmerica,Greenland,Ontario,EasternUnitedStates
WesternUnitedStates,159,204,NorthAmerica,Alberta,Ontario,EasternUnitedStates,CentralAmerica
EasternUnitedStates,219,216,NorthAmerica,Ontario,Quebec,WesternUnitedStates,CentralAmerica
CentralAmerica,183,262,NorthAmerica,WesternUnitedStates,EasternUnitedStates,Venezuala

Venezuala,259,303,SouthAmerica,CentralAmerica,Peru,Brazil
Peru,262,349,SouthAmerica,Venezuala,Brazil,Argentina
Argentina,263,407,SouthAmerica,Peru,Brazil
Brazil,308,337,SouthAmerica,Venezuala,Peru,Argentina,NorthAfrica

NorthAfrica,420,264,Africa,Brazil,WesternEurope,SouthernEurope,Egypt,EastAfrica,Congo
Congo,475,318,Africa,NorthAfrica,EastAfrica,SouthAfrica
SouthAfrica,483,371,Africa,Congo,EastAfrica,Madagascar
Madagascar,536,361,Africa,EastAfrica,SouthAfrica
EastAfrica,517,298,Africa,Egypt,MiddleEast,Congo,NorthAfrica,SouthAfrica,Madagascar
Egypt,480,249,Africa,SouthernEurope,NorthAfrica,MiddleEast,EastAfrica

Iceland,380,126,Europe,Greenland,GreatBritain,Scandinavia
GreatBritain,419,169,Europe,Iceland,Scandinavia,WesternEurope,NorthernEurope
WesternEurope,423,202,Europe,GreatBritain,NorthernEurope,SouthernEurope,NorthAfrica
Scandinavia,463,127,Europe,Iceland,GreatBritain,NorthernEurope,Ukraine
NorthernEurope,460,173,Europe,GreatBritain,Scandinavia,Ukraine,SouthernEurope,WesternEurope
SouthernEurope,473,197,Europe,NorthernEurope,Ukraine,MiddleEast,Egypt,NorthAfrica,WesternEurope
Ukraine,524,157,Europe,Ural,Afghanistan,MiddleEast,SouthernEurope,NorthernEurope,Scandinavia

MiddleEast,530,234,Asia,Ukraine,Afghanistan,India,SouthernEurope,Egypt,EastAfrica
Ural,613,136,Asia,Siberia,China,Afghanistan,Ukraine
Afghanistan,585,192,Asia,Ural,China,India,MiddleEast,Ukraine
India,612,249,Asia,China,Siam,Afghanistan,MiddleEast
Siberia,666,110,Asia,Yatusk,Irkutsk,Mongolia,China,Ural
China,662,217,Asia,Ural,Siberia,Mongolia,Siam,India,Afghanistan
Siam,671,270,Asia,China,India,Indonesia
Mongolia,707,188,Asia,Siberia,Irkutsk,Japan,China,Kamchatka
Irkutsk,698,152,Asia,Siberia,Yatusk,Kamchatka,Mongolia
Yatusk,738,118,Asia,Siberia,Irkutsk,Kamchatka
Kamchatka,806,125,Asia,Yatusk,Irkutsk,Japan,Alaska,Mongolia
Japan,759,220,Asia,Kamchatka,Mongolia

Indonesia,698,314,Australia,Siam,NewGuinea,WesternAustralia
NewGuinea,768,325,Australia,Indonesia,WesternAustralia,EasternAustralia
WesternAustralia,729,373,Australia,Indonesia,NewGuinea,EasternAustralia
EasternAustralia,779,381,Australia,WesternAustralia,NewGuinea
India,30,40,Asia,Nepal,Bhutan
