[Map]
author=Sean O'Connor
image=world.bmp
wrap=no
scroll=horizontal
warn=yes

[Continents]
Africa=3
Europe=5
Australia=2

[Territories]

NorthAfrica,420,264,Africa,WesternEurope,SouthernEurope,Egypt,EastAfrica,Congo
Congo,475,318,Africa,NorthAfrica,EastAfrica,SouthAfrica
SouthAfrica,483,371,Africa,Congo,EastAfrica,Madagascar
Madagascar,536,361,Africa,EastAfrica,SouthAfrica
EastAfrica,517,298,Africa,Egypt,Congo,NorthAfrica,SouthAfrica,Madagascar
Egypt,480,249,Africa,SouthernEurope,NorthAfrica,EastAfrica

Iceland,380,126,Europe,GreatBritain,Scandinavia
GreatBritain,419,169,Europe,Iceland,Scandinavia,WesternEurope,NorthernEurope
WesternEurope,423,202,Europe,GreatBritain,NorthernEurope,SouthernEurope,NorthAfrica
Scandinavia,463,127,Europe,Iceland,GreatBritain,NorthernEurope,Ukraine
NorthernEurope,460,173,Europe,GreatBritain,Scandinavia,Ukraine,SouthernEurope,WesternEurope
SouthernEurope,473,197,Europe,NorthernEurope,Ukraine,Egypt,NorthAfrica,WesternEurope
Ukraine,524,157,Europe,SouthernEurope,NorthernEurope,Scandinavia

Indonesia,698,314,Australia,NewGuinea,WesternAustralia
NewGuinea,768,325,Australia,Indonesia,WesternAustralia,EasternAustralia
WesternAustralia,729,373,Australia,Indonesia,NewGuinea,EasternAustralia
EasternAustralia,779,381,Australia,WesternAustralia,NewGuinea
